// Jest Snapshot v1, https://goo.gl/fbAQLP

exports[`Login renders correctly 1`] = `
Array [
  <div
    class="Login"
  >
    <h2>
      Login
    </h2>
    <div
      class="row"
    >
      <div
        class="six columns"
      >
        <form>
          <div
            class="row"
          >
            <label
              for="name"
            >
              Name 
            </label>
            <input
              id="name"
              placeholder="Ángel, María, Cris, etc."
              type="text"
            />
          </div>
          <br />
          <button>
            Login
          </button>
        </form>
      </div>
    </div>
  </div>,
  " ",
]
`;
